/home/yassin-fakhry/ros2_ws/install/Autonomous_Systems_Project_Team_18/lib/python3.12/site-packages/Autonomous_Systems_Project_Team_18/Planning_Empty_Team_18.py
/home/yassin-fakhry/ros2_ws/install/Autonomous_Systems_Project_Team_18/lib/python3.12/site-packages/Autonomous_Systems_Project_Team_18/__init__.py
/home/yassin-fakhry/ros2_ws/install/Autonomous_Systems_Project_Team_18/lib/python3.12/site-packages/Autonomous_Systems_Project_Team_18/Autonomous_Systems_MS_3_CLR_Alg_1_Speed_Team_18.py
/home/yassin-fakhry/ros2_ws/install/Autonomous_Systems_Project_Team_18/lib/python3.12/site-packages/Autonomous_Systems_Project_Team_18/Autonomous_Systems_MS_2_OLR_Team_18.py
/home/yassin-fakhry/ros2_ws/install/Autonomous_Systems_Project_Team_18/lib/python3.12/site-packages/Autonomous_Systems_Project_Team_18/Lateral_Racing_Team_18.py
/home/yassin-fakhry/ros2_ws/install/Autonomous_Systems_Project_Team_18/lib/python3.12/site-packages/Autonomous_Systems_Project_Team_18/Lateral_City_Team_18.py
/home/yassin-fakhry/ros2_ws/install/Autonomous_Systems_Project_Team_18/lib/python3.12/site-packages/Autonomous_Systems_Project_Team_18/Planning_Racing_Team_18.py
/home/yassin-fakhry/ros2_ws/install/Autonomous_Systems_Project_Team_18/lib/python3.12/site-packages/Autonomous_Systems_Project_Team_18/Autonomous_Systems_MS_2_Teleop_Team_18.py
/home/yassin-fakhry/ros2_ws/install/Autonomous_Systems_Project_Team_18/lib/python3.12/site-packages/Autonomous_Systems_Project_Team_18/Lateral_Empty_Team_18.py
/home/yassin-fakhry/ros2_ws/install/Autonomous_Systems_Project_Team_18/lib/python3.12/site-packages/Autonomous_Systems_Project_Team_18/Autonomous_Systems_MS_5_Localization_Team_18.py
/home/yassin-fakhry/ros2_ws/install/Autonomous_Systems_Project_Team_18/lib/python3.12/site-packages/Autonomous_Systems_Project_Team_18/Planning_City_Team_18.py
/home/yassin-fakhry/ros2_ws/install/Autonomous_Systems_Project_Team_18/lib/python3.12/site-packages/Autonomous_Systems_Project_Team_18/Cmd_Mixer_Team_18.py
/home/yassin-fakhry/ros2_ws/install/Autonomous_Systems_Project_Team_18/lib/python3.12/site-packages/Autonomous_Systems_Project_Team_18/__pycache__/Planning_Empty_Team_18.cpython-312.pyc
/home/yassin-fakhry/ros2_ws/install/Autonomous_Systems_Project_Team_18/lib/python3.12/site-packages/Autonomous_Systems_Project_Team_18/__pycache__/__init__.cpython-312.pyc
/home/yassin-fakhry/ros2_ws/install/Autonomous_Systems_Project_Team_18/lib/python3.12/site-packages/Autonomous_Systems_Project_Team_18/__pycache__/Autonomous_Systems_MS_3_CLR_Alg_1_Speed_Team_18.cpython-312.pyc
/home/yassin-fakhry/ros2_ws/install/Autonomous_Systems_Project_Team_18/lib/python3.12/site-packages/Autonomous_Systems_Project_Team_18/__pycache__/Autonomous_Systems_MS_2_OLR_Team_18.cpython-312.pyc
/home/yassin-fakhry/ros2_ws/install/Autonomous_Systems_Project_Team_18/lib/python3.12/site-packages/Autonomous_Systems_Project_Team_18/__pycache__/Lateral_Racing_Team_18.cpython-312.pyc
/home/yassin-fakhry/ros2_ws/install/Autonomous_Systems_Project_Team_18/lib/python3.12/site-packages/Autonomous_Systems_Project_Team_18/__pycache__/Lateral_City_Team_18.cpython-312.pyc
/home/yassin-fakhry/ros2_ws/install/Autonomous_Systems_Project_Team_18/lib/python3.12/site-packages/Autonomous_Systems_Project_Team_18/__pycache__/Planning_Racing_Team_18.cpython-312.pyc
/home/yassin-fakhry/ros2_ws/install/Autonomous_Systems_Project_Team_18/lib/python3.12/site-packages/Autonomous_Systems_Project_Team_18/__pycache__/Autonomous_Systems_MS_2_Teleop_Team_18.cpython-312.pyc
/home/yassin-fakhry/ros2_ws/install/Autonomous_Systems_Project_Team_18/lib/python3.12/site-packages/Autonomous_Systems_Project_Team_18/__pycache__/Lateral_Empty_Team_18.cpython-312.pyc
/home/yassin-fakhry/ros2_ws/install/Autonomous_Systems_Project_Team_18/lib/python3.12/site-packages/Autonomous_Systems_Project_Team_18/__pycache__/Autonomous_Systems_MS_5_Localization_Team_18.cpython-312.pyc
/home/yassin-fakhry/ros2_ws/install/Autonomous_Systems_Project_Team_18/lib/python3.12/site-packages/Autonomous_Systems_Project_Team_18/__pycache__/Planning_City_Team_18.cpython-312.pyc
/home/yassin-fakhry/ros2_ws/install/Autonomous_Systems_Project_Team_18/lib/python3.12/site-packages/Autonomous_Systems_Project_Team_18/__pycache__/Cmd_Mixer_Team_18.cpython-312.pyc
/home/yassin-fakhry/ros2_ws/install/Autonomous_Systems_Project_Team_18/share/ament_index/resource_index/packages/Autonomous_Systems_Project_Team_18
/home/yassin-fakhry/ros2_ws/install/Autonomous_Systems_Project_Team_18/share/Autonomous_Systems_Project_Team_18/package.xml
/home/yassin-fakhry/ros2_ws/install/Autonomous_Systems_Project_Team_18/share/Autonomous_Systems_Project_Team_18/Worlds/Empty_Track.world
/home/yassin-fakhry/ros2_ws/install/Autonomous_Systems_Project_Team_18/share/Autonomous_Systems_Project_Team_18/Worlds/Racing_Track.world
/home/yassin-fakhry/ros2_ws/install/Autonomous_Systems_Project_Team_18/share/Autonomous_Systems_Project_Team_18/Worlds/City_Track.world
/home/yassin-fakhry/ros2_ws/install/Autonomous_Systems_Project_Team_18/share/Autonomous_Systems_Project_Team_18/launch/Autonomous_Systems_MS_5_Team_18_launch.py
/home/yassin-fakhry/ros2_ws/install/Autonomous_Systems_Project_Team_18/share/Autonomous_Systems_Project_Team_18/launch/Autonomous_Systems_MS_4_Team_18_launch.py
/home/yassin-fakhry/ros2_ws/install/Autonomous_Systems_Project_Team_18/lib/python3.12/site-packages/Autonomous_Systems_Project_Team_18-0.0.1-py3.12.egg-info/entry_points.txt
/home/yassin-fakhry/ros2_ws/install/Autonomous_Systems_Project_Team_18/lib/python3.12/site-packages/Autonomous_Systems_Project_Team_18-0.0.1-py3.12.egg-info/requires.txt
/home/yassin-fakhry/ros2_ws/install/Autonomous_Systems_Project_Team_18/lib/python3.12/site-packages/Autonomous_Systems_Project_Team_18-0.0.1-py3.12.egg-info/SOURCES.txt
/home/yassin-fakhry/ros2_ws/install/Autonomous_Systems_Project_Team_18/lib/python3.12/site-packages/Autonomous_Systems_Project_Team_18-0.0.1-py3.12.egg-info/top_level.txt
/home/yassin-fakhry/ros2_ws/install/Autonomous_Systems_Project_Team_18/lib/python3.12/site-packages/Autonomous_Systems_Project_Team_18-0.0.1-py3.12.egg-info/zip-safe
/home/yassin-fakhry/ros2_ws/install/Autonomous_Systems_Project_Team_18/lib/python3.12/site-packages/Autonomous_Systems_Project_Team_18-0.0.1-py3.12.egg-info/PKG-INFO
/home/yassin-fakhry/ros2_ws/install/Autonomous_Systems_Project_Team_18/lib/python3.12/site-packages/Autonomous_Systems_Project_Team_18-0.0.1-py3.12.egg-info/dependency_links.txt
/home/yassin-fakhry/ros2_ws/install/Autonomous_Systems_Project_Team_18/lib/Autonomous_Systems_Project_Team_18/Cmd_Mixer_node
/home/yassin-fakhry/ros2_ws/install/Autonomous_Systems_Project_Team_18/lib/Autonomous_Systems_Project_Team_18/Lateral_City_node
/home/yassin-fakhry/ros2_ws/install/Autonomous_Systems_Project_Team_18/lib/Autonomous_Systems_Project_Team_18/Lateral_Empty_node
/home/yassin-fakhry/ros2_ws/install/Autonomous_Systems_Project_Team_18/lib/Autonomous_Systems_Project_Team_18/Lateral_Racing_node
/home/yassin-fakhry/ros2_ws/install/Autonomous_Systems_Project_Team_18/lib/Autonomous_Systems_Project_Team_18/Localization_node
/home/yassin-fakhry/ros2_ws/install/Autonomous_Systems_Project_Team_18/lib/Autonomous_Systems_Project_Team_18/OLR_node
/home/yassin-fakhry/ros2_ws/install/Autonomous_Systems_Project_Team_18/lib/Autonomous_Systems_Project_Team_18/Planning_City_node
/home/yassin-fakhry/ros2_ws/install/Autonomous_Systems_Project_Team_18/lib/Autonomous_Systems_Project_Team_18/Planning_Empty_node
/home/yassin-fakhry/ros2_ws/install/Autonomous_Systems_Project_Team_18/lib/Autonomous_Systems_Project_Team_18/Planning_Racing_node
/home/yassin-fakhry/ros2_ws/install/Autonomous_Systems_Project_Team_18/lib/Autonomous_Systems_Project_Team_18/Speed_Controller_node
/home/yassin-fakhry/ros2_ws/install/Autonomous_Systems_Project_Team_18/lib/Autonomous_Systems_Project_Team_18/Teleop_node
