[0.868s] Invoking command in '/home/yassin-fakhry/ros2_ws/Autonomous_Systems_Project_Team_18': DEBUGINFOD_URLS=https://debuginfod.ubuntu.com PYTHONPATH=/home/yassin-fakhry/ros2_ws/build/Autonomous_Systems_Project_Team_18/prefix_override:/usr/lib/python3/dist-packages/colcon_core/task/python/colcon_distutils_commands:/home/yassin-fakhry/ros2_ws/install/Autonomous_Systems_Project_Team_18/lib/python3.12/site-packages:${PYTHONPATH} /usr/bin/python3 -W ignore:setup.py install is deprecated -W ignore:easy_install command is deprecated setup.py egg_info --egg-base ../build/Autonomous_Systems_Project_Team_18 build --build-base /home/yassin-fakhry/ros2_ws/build/Autonomous_Systems_Project_Team_18/build install --record /home/yassin-fakhry/ros2_ws/build/Autonomous_Systems_Project_Team_18/install.log --single-version-externally-managed install_data
[1.119s] running egg_info
[1.119s] creating ../build/Autonomous_Systems_Project_Team_18/Autonomous_Systems_Project_Team_18.egg-info
[1.137s] writing ../build/Autonomous_Systems_Project_Team_18/Autonomous_Systems_Project_Team_18.egg-info/PKG-INFO
[1.137s] writing dependency_links to ../build/Autonomous_Systems_Project_Team_18/Autonomous_Systems_Project_Team_18.egg-info/dependency_links.txt
[1.137s] writing entry points to ../build/Autonomous_Systems_Project_Team_18/Autonomous_Systems_Project_Team_18.egg-info/entry_points.txt
[1.137s] writing requirements to ../build/Autonomous_Systems_Project_Team_18/Autonomous_Systems_Project_Team_18.egg-info/requires.txt
[1.137s] writing top-level names to ../build/Autonomous_Systems_Project_Team_18/Autonomous_Systems_Project_Team_18.egg-info/top_level.txt
[1.137s] writing manifest file '../build/Autonomous_Systems_Project_Team_18/Autonomous_Systems_Project_Team_18.egg-info/SOURCES.txt'
[1.174s] reading manifest file '../build/Autonomous_Systems_Project_Team_18/Autonomous_Systems_Project_Team_18.egg-info/SOURCES.txt'
[1.175s] writing manifest file '../build/Autonomous_Systems_Project_Team_18/Autonomous_Systems_Project_Team_18.egg-info/SOURCES.txt'
[1.175s] running build
[1.175s] running build_py
[1.175s] creating /home/yassin-fakhry/ros2_ws/build/Autonomous_Systems_Project_Team_18/build
[1.175s] creating /home/yassin-fakhry/ros2_ws/build/Autonomous_Systems_Project_Team_18/build/lib
[1.175s] creating /home/yassin-fakhry/ros2_ws/build/Autonomous_Systems_Project_Team_18/build/lib/Autonomous_Systems_Project_Team_18
[1.175s] copying Autonomous_Systems_Project_Team_18/Planning_Empty_Team_18.py -> /home/yassin-fakhry/ros2_ws/build/Autonomous_Systems_Project_Team_18/build/lib/Autonomous_Systems_Project_Team_18
[1.175s] copying Autonomous_Systems_Project_Team_18/__init__.py -> /home/yassin-fakhry/ros2_ws/build/Autonomous_Systems_Project_Team_18/build/lib/Autonomous_Systems_Project_Team_18
[1.175s] copying Autonomous_Systems_Project_Team_18/Autonomous_Systems_MS_3_CLR_Alg_1_Speed_Team_18.py -> /home/yassin-fakhry/ros2_ws/build/Autonomous_Systems_Project_Team_18/build/lib/Autonomous_Systems_Project_Team_18
[1.176s] copying Autonomous_Systems_Project_Team_18/Autonomous_Systems_MS_2_OLR_Team_18.py -> /home/yassin-fakhry/ros2_ws/build/Autonomous_Systems_Project_Team_18/build/lib/Autonomous_Systems_Project_Team_18
[1.176s] copying Autonomous_Systems_Project_Team_18/Lateral_Racing_Team_18.py -> /home/yassin-fakhry/ros2_ws/build/Autonomous_Systems_Project_Team_18/build/lib/Autonomous_Systems_Project_Team_18
[1.176s] copying Autonomous_Systems_Project_Team_18/Lateral_City_Team_18.py -> /home/yassin-fakhry/ros2_ws/build/Autonomous_Systems_Project_Team_18/build/lib/Autonomous_Systems_Project_Team_18
[1.176s] copying Autonomous_Systems_Project_Team_18/Planning_Racing_Team_18.py -> /home/yassin-fakhry/ros2_ws/build/Autonomous_Systems_Project_Team_18/build/lib/Autonomous_Systems_Project_Team_18
[1.176s] copying Autonomous_Systems_Project_Team_18/Autonomous_Systems_MS_2_Teleop_Team_18.py -> /home/yassin-fakhry/ros2_ws/build/Autonomous_Systems_Project_Team_18/build/lib/Autonomous_Systems_Project_Team_18
[1.176s] copying Autonomous_Systems_Project_Team_18/Lateral_Empty_Team_18.py -> /home/yassin-fakhry/ros2_ws/build/Autonomous_Systems_Project_Team_18/build/lib/Autonomous_Systems_Project_Team_18
[1.176s] copying Autonomous_Systems_Project_Team_18/Autonomous_Systems_MS_5_Localization_Team_18.py -> /home/yassin-fakhry/ros2_ws/build/Autonomous_Systems_Project_Team_18/build/lib/Autonomous_Systems_Project_Team_18
[1.176s] copying Autonomous_Systems_Project_Team_18/Planning_City_Team_18.py -> /home/yassin-fakhry/ros2_ws/build/Autonomous_Systems_Project_Team_18/build/lib/Autonomous_Systems_Project_Team_18
[1.176s] copying Autonomous_Systems_Project_Team_18/Cmd_Mixer_Team_18.py -> /home/yassin-fakhry/ros2_ws/build/Autonomous_Systems_Project_Team_18/build/lib/Autonomous_Systems_Project_Team_18
[1.176s] running install
[1.182s] running install_lib
[1.200s] creating /home/yassin-fakhry/ros2_ws/install/Autonomous_Systems_Project_Team_18/lib/python3.12/site-packages/Autonomous_Systems_Project_Team_18
[1.200s] copying /home/yassin-fakhry/ros2_ws/build/Autonomous_Systems_Project_Team_18/build/lib/Autonomous_Systems_Project_Team_18/Planning_Empty_Team_18.py -> /home/yassin-fakhry/ros2_ws/install/Autonomous_Systems_Project_Team_18/lib/python3.12/site-packages/Autonomous_Systems_Project_Team_18
[1.201s] copying /home/yassin-fakhry/ros2_ws/build/Autonomous_Systems_Project_Team_18/build/lib/Autonomous_Systems_Project_Team_18/__init__.py -> /home/yassin-fakhry/ros2_ws/install/Autonomous_Systems_Project_Team_18/lib/python3.12/site-packages/Autonomous_Systems_Project_Team_18
[1.201s] copying /home/yassin-fakhry/ros2_ws/build/Autonomous_Systems_Project_Team_18/build/lib/Autonomous_Systems_Project_Team_18/Autonomous_Systems_MS_3_CLR_Alg_1_Speed_Team_18.py -> /home/yassin-fakhry/ros2_ws/install/Autonomous_Systems_Project_Team_18/lib/python3.12/site-packages/Autonomous_Systems_Project_Team_18
[1.201s] copying /home/yassin-fakhry/ros2_ws/build/Autonomous_Systems_Project_Team_18/build/lib/Autonomous_Systems_Project_Team_18/Autonomous_Systems_MS_2_OLR_Team_18.py -> /home/yassin-fakhry/ros2_ws/install/Autonomous_Systems_Project_Team_18/lib/python3.12/site-packages/Autonomous_Systems_Project_Team_18
[1.201s] copying /home/yassin-fakhry/ros2_ws/build/Autonomous_Systems_Project_Team_18/build/lib/Autonomous_Systems_Project_Team_18/Lateral_Racing_Team_18.py -> /home/yassin-fakhry/ros2_ws/install/Autonomous_Systems_Project_Team_18/lib/python3.12/site-packages/Autonomous_Systems_Project_Team_18
[1.201s] copying /home/yassin-fakhry/ros2_ws/build/Autonomous_Systems_Project_Team_18/build/lib/Autonomous_Systems_Project_Team_18/Lateral_City_Team_18.py -> /home/yassin-fakhry/ros2_ws/install/Autonomous_Systems_Project_Team_18/lib/python3.12/site-packages/Autonomous_Systems_Project_Team_18
[1.201s] copying /home/yassin-fakhry/ros2_ws/build/Autonomous_Systems_Project_Team_18/build/lib/Autonomous_Systems_Project_Team_18/Planning_Racing_Team_18.py -> /home/yassin-fakhry/ros2_ws/install/Autonomous_Systems_Project_Team_18/lib/python3.12/site-packages/Autonomous_Systems_Project_Team_18
[1.201s] copying /home/yassin-fakhry/ros2_ws/build/Autonomous_Systems_Project_Team_18/build/lib/Autonomous_Systems_Project_Team_18/Autonomous_Systems_MS_2_Teleop_Team_18.py -> /home/yassin-fakhry/ros2_ws/install/Autonomous_Systems_Project_Team_18/lib/python3.12/site-packages/Autonomous_Systems_Project_Team_18
[1.201s] copying /home/yassin-fakhry/ros2_ws/build/Autonomous_Systems_Project_Team_18/build/lib/Autonomous_Systems_Project_Team_18/Lateral_Empty_Team_18.py -> /home/yassin-fakhry/ros2_ws/install/Autonomous_Systems_Project_Team_18/lib/python3.12/site-packages/Autonomous_Systems_Project_Team_18
[1.201s] copying /home/yassin-fakhry/ros2_ws/build/Autonomous_Systems_Project_Team_18/build/lib/Autonomous_Systems_Project_Team_18/Autonomous_Systems_MS_5_Localization_Team_18.py -> /home/yassin-fakhry/ros2_ws/install/Autonomous_Systems_Project_Team_18/lib/python3.12/site-packages/Autonomous_Systems_Project_Team_18
[1.201s] copying /home/yassin-fakhry/ros2_ws/build/Autonomous_Systems_Project_Team_18/build/lib/Autonomous_Systems_Project_Team_18/Planning_City_Team_18.py -> /home/yassin-fakhry/ros2_ws/install/Autonomous_Systems_Project_Team_18/lib/python3.12/site-packages/Autonomous_Systems_Project_Team_18
[1.201s] copying /home/yassin-fakhry/ros2_ws/build/Autonomous_Systems_Project_Team_18/build/lib/Autonomous_Systems_Project_Team_18/Cmd_Mixer_Team_18.py -> /home/yassin-fakhry/ros2_ws/install/Autonomous_Systems_Project_Team_18/lib/python3.12/site-packages/Autonomous_Systems_Project_Team_18
[1.202s] byte-compiling /home/yassin-fakhry/ros2_ws/install/Autonomous_Systems_Project_Team_18/lib/python3.12/site-packages/Autonomous_Systems_Project_Team_18/Planning_Empty_Team_18.py to Planning_Empty_Team_18.cpython-312.pyc
[1.203s] byte-compiling /home/yassin-fakhry/ros2_ws/install/Autonomous_Systems_Project_Team_18/lib/python3.12/site-packages/Autonomous_Systems_Project_Team_18/__init__.py to __init__.cpython-312.pyc
[1.203s] byte-compiling /home/yassin-fakhry/ros2_ws/install/Autonomous_Systems_Project_Team_18/lib/python3.12/site-packages/Autonomous_Systems_Project_Team_18/Autonomous_Systems_MS_3_CLR_Alg_1_Speed_Team_18.py to Autonomous_Systems_MS_3_CLR_Alg_1_Speed_Team_18.cpython-312.pyc
[1.204s] byte-compiling /home/yassin-fakhry/ros2_ws/install/Autonomous_Systems_Project_Team_18/lib/python3.12/site-packages/Autonomous_Systems_Project_Team_18/Autonomous_Systems_MS_2_OLR_Team_18.py to Autonomous_Systems_MS_2_OLR_Team_18.cpython-312.pyc
[1.204s] byte-compiling /home/yassin-fakhry/ros2_ws/install/Autonomous_Systems_Project_Team_18/lib/python3.12/site-packages/Autonomous_Systems_Project_Team_18/Lateral_Racing_Team_18.py to Lateral_Racing_Team_18.cpython-312.pyc
[1.207s] byte-compiling /home/yassin-fakhry/ros2_ws/install/Autonomous_Systems_Project_Team_18/lib/python3.12/site-packages/Autonomous_Systems_Project_Team_18/Lateral_City_Team_18.py to Lateral_City_Team_18.cpython-312.pyc
[1.210s] byte-compiling /home/yassin-fakhry/ros2_ws/install/Autonomous_Systems_Project_Team_18/lib/python3.12/site-packages/Autonomous_Systems_Project_Team_18/Planning_Racing_Team_18.py to Planning_Racing_Team_18.cpython-312.pyc
[1.211s] byte-compiling /home/yassin-fakhry/ros2_ws/install/Autonomous_Systems_Project_Team_18/lib/python3.12/site-packages/Autonomous_Systems_Project_Team_18/Autonomous_Systems_MS_2_Teleop_Team_18.py to Autonomous_Systems_MS_2_Teleop_Team_18.cpython-312.pyc
[1.212s] byte-compiling /home/yassin-fakhry/ros2_ws/install/Autonomous_Systems_Project_Team_18/lib/python3.12/site-packages/Autonomous_Systems_Project_Team_18/Lateral_Empty_Team_18.py to Lateral_Empty_Team_18.cpython-312.pyc
[1.214s] byte-compiling /home/yassin-fakhry/ros2_ws/install/Autonomous_Systems_Project_Team_18/lib/python3.12/site-packages/Autonomous_Systems_Project_Team_18/Autonomous_Systems_MS_5_Localization_Team_18.py to Autonomous_Systems_MS_5_Localization_Team_18.cpython-312.pyc
[1.216s] byte-compiling /home/yassin-fakhry/ros2_ws/install/Autonomous_Systems_Project_Team_18/lib/python3.12/site-packages/Autonomous_Systems_Project_Team_18/Planning_City_Team_18.py to Planning_City_Team_18.cpython-312.pyc
[1.217s] byte-compiling /home/yassin-fakhry/ros2_ws/install/Autonomous_Systems_Project_Team_18/lib/python3.12/site-packages/Autonomous_Systems_Project_Team_18/Cmd_Mixer_Team_18.py to Cmd_Mixer_Team_18.cpython-312.pyc
[1.217s] running install_data
[1.218s] creating /home/yassin-fakhry/ros2_ws/install/Autonomous_Systems_Project_Team_18/share/ament_index
[1.218s] creating /home/yassin-fakhry/ros2_ws/install/Autonomous_Systems_Project_Team_18/share/ament_index/resource_index
[1.218s] creating /home/yassin-fakhry/ros2_ws/install/Autonomous_Systems_Project_Team_18/share/ament_index/resource_index/packages
[1.218s] copying resource/Autonomous_Systems_Project_Team_18 -> /home/yassin-fakhry/ros2_ws/install/Autonomous_Systems_Project_Team_18/share/ament_index/resource_index/packages
[1.218s] copying package.xml -> /home/yassin-fakhry/ros2_ws/install/Autonomous_Systems_Project_Team_18/share/Autonomous_Systems_Project_Team_18
[1.218s] creating /home/yassin-fakhry/ros2_ws/install/Autonomous_Systems_Project_Team_18/share/Autonomous_Systems_Project_Team_18/Worlds
[1.218s] copying Worlds/Empty_Track.world -> /home/yassin-fakhry/ros2_ws/install/Autonomous_Systems_Project_Team_18/share/Autonomous_Systems_Project_Team_18/Worlds
[1.218s] copying Worlds/Racing_Track.world -> /home/yassin-fakhry/ros2_ws/install/Autonomous_Systems_Project_Team_18/share/Autonomous_Systems_Project_Team_18/Worlds
[1.218s] copying Worlds/City_Track.world -> /home/yassin-fakhry/ros2_ws/install/Autonomous_Systems_Project_Team_18/share/Autonomous_Systems_Project_Team_18/Worlds
[1.218s] creating /home/yassin-fakhry/ros2_ws/install/Autonomous_Systems_Project_Team_18/share/Autonomous_Systems_Project_Team_18/launch
[1.218s] copying launch/Autonomous_Systems_MS_5_Team_18_launch.py -> /home/yassin-fakhry/ros2_ws/install/Autonomous_Systems_Project_Team_18/share/Autonomous_Systems_Project_Team_18/launch
[1.219s] copying launch/Autonomous_Systems_MS_4_Team_18_launch.py -> /home/yassin-fakhry/ros2_ws/install/Autonomous_Systems_Project_Team_18/share/Autonomous_Systems_Project_Team_18/launch
[1.219s] running install_egg_info
[1.238s] Copying ../build/Autonomous_Systems_Project_Team_18/Autonomous_Systems_Project_Team_18.egg-info to /home/yassin-fakhry/ros2_ws/install/Autonomous_Systems_Project_Team_18/lib/python3.12/site-packages/Autonomous_Systems_Project_Team_18-0.0.1-py3.12.egg-info
[1.239s] running install_scripts
[1.363s] Installing Cmd_Mixer_node script to /home/yassin-fakhry/ros2_ws/install/Autonomous_Systems_Project_Team_18/lib/Autonomous_Systems_Project_Team_18
[1.363s] Installing Lateral_City_node script to /home/yassin-fakhry/ros2_ws/install/Autonomous_Systems_Project_Team_18/lib/Autonomous_Systems_Project_Team_18
[1.363s] Installing Lateral_Empty_node script to /home/yassin-fakhry/ros2_ws/install/Autonomous_Systems_Project_Team_18/lib/Autonomous_Systems_Project_Team_18
[1.363s] Installing Lateral_Racing_node script to /home/yassin-fakhry/ros2_ws/install/Autonomous_Systems_Project_Team_18/lib/Autonomous_Systems_Project_Team_18
[1.363s] Installing Localization_node script to /home/yassin-fakhry/ros2_ws/install/Autonomous_Systems_Project_Team_18/lib/Autonomous_Systems_Project_Team_18
[1.363s] Installing OLR_node script to /home/yassin-fakhry/ros2_ws/install/Autonomous_Systems_Project_Team_18/lib/Autonomous_Systems_Project_Team_18
[1.364s] Installing Planning_City_node script to /home/yassin-fakhry/ros2_ws/install/Autonomous_Systems_Project_Team_18/lib/Autonomous_Systems_Project_Team_18
[1.364s] Installing Planning_Empty_node script to /home/yassin-fakhry/ros2_ws/install/Autonomous_Systems_Project_Team_18/lib/Autonomous_Systems_Project_Team_18
[1.364s] Installing Planning_Racing_node script to /home/yassin-fakhry/ros2_ws/install/Autonomous_Systems_Project_Team_18/lib/Autonomous_Systems_Project_Team_18
[1.364s] Installing Speed_Controller_node script to /home/yassin-fakhry/ros2_ws/install/Autonomous_Systems_Project_Team_18/lib/Autonomous_Systems_Project_Team_18
[1.364s] Installing Teleop_node script to /home/yassin-fakhry/ros2_ws/install/Autonomous_Systems_Project_Team_18/lib/Autonomous_Systems_Project_Team_18
[1.364s] writing list of installed files to '/home/yassin-fakhry/ros2_ws/build/Autonomous_Systems_Project_Team_18/install.log'
[1.389s] Invoked command in '/home/yassin-fakhry/ros2_ws/Autonomous_Systems_Project_Team_18' returned '0': DEBUGINFOD_URLS=https://debuginfod.ubuntu.com PYTHONPATH=/home/yassin-fakhry/ros2_ws/build/Autonomous_Systems_Project_Team_18/prefix_override:/usr/lib/python3/dist-packages/colcon_core/task/python/colcon_distutils_commands:/home/yassin-fakhry/ros2_ws/install/Autonomous_Systems_Project_Team_18/lib/python3.12/site-packages:${PYTHONPATH} /usr/bin/python3 -W ignore:setup.py install is deprecated -W ignore:easy_install command is deprecated setup.py egg_info --egg-base ../build/Autonomous_Systems_Project_Team_18 build --build-base /home/yassin-fakhry/ros2_ws/build/Autonomous_Systems_Project_Team_18/build install --record /home/yassin-fakhry/ros2_ws/build/Autonomous_Systems_Project_Team_18/install.log --single-version-externally-managed install_data
