[0.742s] Invoking command in '/home/yassin-fakhry/ros2_ws/src/Autonomous_Systems_Project_Team_18': DEBUGINFOD_URLS=https://debuginfod.ubuntu.com PYTHONPATH=/home/yassin-fakhry/ros2_ws/build/Autonomous_Systems_Project_Team_18/prefix_override:/usr/lib/python3/dist-packages/colcon_core/task/python/colcon_distutils_commands:/home/yassin-fakhry/ros2_ws/install/Autonomous_Systems_Project_Team_18/lib/python3.12/site-packages:${PYTHONPATH} /usr/bin/python3 -W ignore:setup.py install is deprecated -W ignore:easy_install command is deprecated setup.py egg_info --egg-base ../../build/Autonomous_Systems_Project_Team_18 build --build-base /home/yassin-fakhry/ros2_ws/build/Autonomous_Systems_Project_Team_18/build install --record /home/yassin-fakhry/ros2_ws/build/Autonomous_Systems_Project_Team_18/install.log --single-version-externally-managed install_data
[0.992s] running egg_info
[1.010s] writing ../../build/Autonomous_Systems_Project_Team_18/Autonomous_Systems_Project_Team_18.egg-info/PKG-INFO
[1.011s] writing dependency_links to ../../build/Autonomous_Systems_Project_Team_18/Autonomous_Systems_Project_Team_18.egg-info/dependency_links.txt
[1.011s] writing entry points to ../../build/Autonomous_Systems_Project_Team_18/Autonomous_Systems_Project_Team_18.egg-info/entry_points.txt
[1.011s] writing requirements to ../../build/Autonomous_Systems_Project_Team_18/Autonomous_Systems_Project_Team_18.egg-info/requires.txt
[1.011s] writing top-level names to ../../build/Autonomous_Systems_Project_Team_18/Autonomous_Systems_Project_Team_18.egg-info/top_level.txt
[1.049s] reading manifest file '../../build/Autonomous_Systems_Project_Team_18/Autonomous_Systems_Project_Team_18.egg-info/SOURCES.txt'
[1.050s] writing manifest file '../../build/Autonomous_Systems_Project_Team_18/Autonomous_Systems_Project_Team_18.egg-info/SOURCES.txt'
[1.050s] running build
[1.050s] running build_py
[1.051s] running install
[1.056s] running install_lib
[1.076s] running install_data
[1.076s] running install_egg_info
[1.096s] removing '/home/yassin-fakhry/ros2_ws/install/Autonomous_Systems_Project_Team_18/lib/python3.12/site-packages/Autonomous_Systems_Project_Team_18-0.0.1-py3.12.egg-info' (and everything under it)
[1.096s] Copying ../../build/Autonomous_Systems_Project_Team_18/Autonomous_Systems_Project_Team_18.egg-info to /home/yassin-fakhry/ros2_ws/install/Autonomous_Systems_Project_Team_18/lib/python3.12/site-packages/Autonomous_Systems_Project_Team_18-0.0.1-py3.12.egg-info
[1.097s] running install_scripts
[1.221s] Installing Cmd_Mixer_node script to /home/yassin-fakhry/ros2_ws/install/Autonomous_Systems_Project_Team_18/lib/Autonomous_Systems_Project_Team_18
[1.221s] Installing Lateral_City_node script to /home/yassin-fakhry/ros2_ws/install/Autonomous_Systems_Project_Team_18/lib/Autonomous_Systems_Project_Team_18
[1.221s] Installing Lateral_Empty_node script to /home/yassin-fakhry/ros2_ws/install/Autonomous_Systems_Project_Team_18/lib/Autonomous_Systems_Project_Team_18
[1.222s] Installing Lateral_Racing_node script to /home/yassin-fakhry/ros2_ws/install/Autonomous_Systems_Project_Team_18/lib/Autonomous_Systems_Project_Team_18
[1.222s] Installing Localization_node script to /home/yassin-fakhry/ros2_ws/install/Autonomous_Systems_Project_Team_18/lib/Autonomous_Systems_Project_Team_18
[1.222s] Installing OLR_node script to /home/yassin-fakhry/ros2_ws/install/Autonomous_Systems_Project_Team_18/lib/Autonomous_Systems_Project_Team_18
[1.222s] Installing Planning_City_node script to /home/yassin-fakhry/ros2_ws/install/Autonomous_Systems_Project_Team_18/lib/Autonomous_Systems_Project_Team_18
[1.222s] Installing Planning_Empty_node script to /home/yassin-fakhry/ros2_ws/install/Autonomous_Systems_Project_Team_18/lib/Autonomous_Systems_Project_Team_18
[1.222s] Installing Planning_Racing_node script to /home/yassin-fakhry/ros2_ws/install/Autonomous_Systems_Project_Team_18/lib/Autonomous_Systems_Project_Team_18
[1.222s] Installing Speed_Controller_node script to /home/yassin-fakhry/ros2_ws/install/Autonomous_Systems_Project_Team_18/lib/Autonomous_Systems_Project_Team_18
[1.222s] Installing Teleop_node script to /home/yassin-fakhry/ros2_ws/install/Autonomous_Systems_Project_Team_18/lib/Autonomous_Systems_Project_Team_18
[1.222s] writing list of installed files to '/home/yassin-fakhry/ros2_ws/build/Autonomous_Systems_Project_Team_18/install.log'
[1.246s] Invoked command in '/home/yassin-fakhry/ros2_ws/src/Autonomous_Systems_Project_Team_18' returned '0': DEBUGINFOD_URLS=https://debuginfod.ubuntu.com PYTHONPATH=/home/yassin-fakhry/ros2_ws/build/Autonomous_Systems_Project_Team_18/prefix_override:/usr/lib/python3/dist-packages/colcon_core/task/python/colcon_distutils_commands:/home/yassin-fakhry/ros2_ws/install/Autonomous_Systems_Project_Team_18/lib/python3.12/site-packages:${PYTHONPATH} /usr/bin/python3 -W ignore:setup.py install is deprecated -W ignore:easy_install command is deprecated setup.py egg_info --egg-base ../../build/Autonomous_Systems_Project_Team_18 build --build-base /home/yassin-fakhry/ros2_ws/build/Autonomous_Systems_Project_Team_18/build install --record /home/yassin-fakhry/ros2_ws/build/Autonomous_Systems_Project_Team_18/install.log --single-version-externally-managed install_data
