[0.096s] DEBUG:colcon:Command line arguments: ['/usr/bin/colcon', 'build', '--packages-select', 'Autonomous_Systems_Project_Team_18']
[0.096s] DEBUG:colcon:Parsed command line arguments: Namespace(log_base=None, log_level=None, verb_name='build', build_base='build', install_base='install', merge_install=False, symlink_install=False, test_result_base=None, continue_on_error=False, executor='parallel', parallel_workers=20, event_handlers=None, ignore_user_meta=False, metas=['./colcon.meta'], base_paths=['.'], packages_ignore=None, packages_ignore_regex=None, paths=None, packages_up_to=None, packages_up_to_regex=None, packages_above=None, packages_above_and_dependencies=None, packages_above_depth=None, packages_select_by_dep=None, packages_skip_by_dep=None, packages_skip_up_to=None, packages_select_build_failed=False, packages_skip_build_finished=False, packages_select_test_failures=False, packages_skip_test_passed=False, packages_select=['Autonomous_Systems_Project_Team_18'], packages_skip=None, packages_select_regex=None, packages_skip_regex=None, packages_start=None, packages_end=None, cmake_args=None, cmake_target=None, cmake_target_skip_unavailable=False, cmake_clean_cache=False, cmake_clean_first=False, cmake_force_configure=False, ament_cmake_args=None, catkin_cmake_args=None, catkin_skip_building_tests=False, verb_parser=<colcon_defaults.argument_parser.defaults.DefaultArgumentsDecorator object at 0x77e22501c6e0>, verb_extension=<colcon_core.verb.build.BuildVerb object at 0x77e225feadb0>, main=<bound method BuildVerb.main of <colcon_core.verb.build.BuildVerb object at 0x77e225feadb0>>)
[0.133s] Level 1:colcon.colcon_core.package_discovery:discover_packages(colcon_meta) check parameters
[0.133s] Level 1:colcon.colcon_core.package_discovery:discover_packages(recursive) check parameters
[0.133s] Level 1:colcon.colcon_core.package_discovery:discover_packages(ignore) check parameters
[0.133s] Level 1:colcon.colcon_core.package_discovery:discover_packages(path) check parameters
[0.133s] Level 1:colcon.colcon_core.package_discovery:discover_packages(colcon_meta) discover
[0.133s] Level 1:colcon.colcon_core.package_discovery:discover_packages(recursive) discover
[0.133s] INFO:colcon.colcon_core.package_discovery:Crawling recursively for packages in '/home/yassin-fakhry/ros2_ws'
[0.133s] Level 1:colcon.colcon_core.package_identification:_identify(.) by extensions ['ignore', 'ignore_ament_install']
[0.133s] Level 1:colcon.colcon_core.package_identification:_identify(.) by extension 'ignore'
[0.133s] Level 1:colcon.colcon_core.package_identification:_identify(.) by extension 'ignore_ament_install'
[0.133s] Level 1:colcon.colcon_core.package_identification:_identify(.) by extensions ['colcon_pkg']
[0.133s] Level 1:colcon.colcon_core.package_identification:_identify(.) by extension 'colcon_pkg'
[0.133s] Level 1:colcon.colcon_core.package_identification:_identify(.) by extensions ['colcon_meta']
[0.133s] Level 1:colcon.colcon_core.package_identification:_identify(.) by extension 'colcon_meta'
[0.133s] Level 1:colcon.colcon_core.package_identification:_identify(.) by extensions ['ros']
[0.133s] Level 1:colcon.colcon_core.package_identification:_identify(.) by extension 'ros'
[0.157s] Level 1:colcon.colcon_core.package_identification:_identify(.) by extensions ['cmake', 'python']
[0.157s] Level 1:colcon.colcon_core.package_identification:_identify(.) by extension 'cmake'
[0.157s] Level 1:colcon.colcon_core.package_identification:_identify(.) by extension 'python'
[0.157s] Level 1:colcon.colcon_core.package_identification:_identify(.) by extensions ['python_setup_py']
[0.157s] Level 1:colcon.colcon_core.package_identification:_identify(.) by extension 'python_setup_py'
[0.157s] Level 1:colcon.colcon_core.package_identification:_identify(Autonomous_Systems_Project_Team_18) by extensions ['ignore', 'ignore_ament_install']
[0.157s] Level 1:colcon.colcon_core.package_identification:_identify(Autonomous_Systems_Project_Team_18) by extension 'ignore'
[0.157s] Level 1:colcon.colcon_core.package_identification:_identify(Autonomous_Systems_Project_Team_18) by extension 'ignore_ament_install'
[0.158s] Level 1:colcon.colcon_core.package_identification:_identify(Autonomous_Systems_Project_Team_18) by extensions ['colcon_pkg']
[0.158s] Level 1:colcon.colcon_core.package_identification:_identify(Autonomous_Systems_Project_Team_18) by extension 'colcon_pkg'
[0.158s] Level 1:colcon.colcon_core.package_identification:_identify(Autonomous_Systems_Project_Team_18) by extensions ['colcon_meta']
[0.158s] Level 1:colcon.colcon_core.package_identification:_identify(Autonomous_Systems_Project_Team_18) by extension 'colcon_meta'
[0.158s] Level 1:colcon.colcon_core.package_identification:_identify(Autonomous_Systems_Project_Team_18) by extensions ['ros']
[0.158s] Level 1:colcon.colcon_core.package_identification:_identify(Autonomous_Systems_Project_Team_18) by extension 'ros'
[0.160s] DEBUG:colcon.colcon_core.package_identification:Package 'Autonomous_Systems_Project_Team_18' with type 'ros.ament_python' and name 'Autonomous_Systems_Project_Team_18'
[0.160s] Level 1:colcon.colcon_core.package_identification:_identify(build) by extensions ['ignore', 'ignore_ament_install']
[0.160s] Level 1:colcon.colcon_core.package_identification:_identify(build) by extension 'ignore'
[0.160s] Level 1:colcon.colcon_core.package_identification:_identify(build) ignored
[0.160s] Level 1:colcon.colcon_core.package_identification:_identify(install) by extensions ['ignore', 'ignore_ament_install']
[0.161s] Level 1:colcon.colcon_core.package_identification:_identify(install) by extension 'ignore'
[0.161s] Level 1:colcon.colcon_core.package_identification:_identify(install) ignored
[0.161s] Level 1:colcon.colcon_core.package_identification:_identify(log) by extensions ['ignore', 'ignore_ament_install']
[0.161s] Level 1:colcon.colcon_core.package_identification:_identify(log) by extension 'ignore'
[0.161s] Level 1:colcon.colcon_core.package_identification:_identify(log) ignored
[0.161s] Level 1:colcon.colcon_core.package_discovery:discover_packages(recursive) using defaults
[0.161s] Level 1:colcon.colcon_core.package_discovery:discover_packages(ignore) discover
[0.161s] Level 1:colcon.colcon_core.package_discovery:discover_packages(ignore) using defaults
[0.161s] Level 1:colcon.colcon_core.package_discovery:discover_packages(path) discover
[0.161s] Level 1:colcon.colcon_core.package_discovery:discover_packages(path) using defaults
[0.178s] Level 5:colcon.colcon_core.verb:set package 'Autonomous_Systems_Project_Team_18' build argument 'cmake_args' from command line to 'None'
[0.178s] Level 5:colcon.colcon_core.verb:set package 'Autonomous_Systems_Project_Team_18' build argument 'cmake_target' from command line to 'None'
[0.178s] Level 5:colcon.colcon_core.verb:set package 'Autonomous_Systems_Project_Team_18' build argument 'cmake_target_skip_unavailable' from command line to 'False'
[0.178s] Level 5:colcon.colcon_core.verb:set package 'Autonomous_Systems_Project_Team_18' build argument 'cmake_clean_cache' from command line to 'False'
[0.178s] Level 5:colcon.colcon_core.verb:set package 'Autonomous_Systems_Project_Team_18' build argument 'cmake_clean_first' from command line to 'False'
[0.178s] Level 5:colcon.colcon_core.verb:set package 'Autonomous_Systems_Project_Team_18' build argument 'cmake_force_configure' from command line to 'False'
[0.178s] Level 5:colcon.colcon_core.verb:set package 'Autonomous_Systems_Project_Team_18' build argument 'ament_cmake_args' from command line to 'None'
[0.178s] Level 5:colcon.colcon_core.verb:set package 'Autonomous_Systems_Project_Team_18' build argument 'catkin_cmake_args' from command line to 'None'
[0.178s] Level 5:colcon.colcon_core.verb:set package 'Autonomous_Systems_Project_Team_18' build argument 'catkin_skip_building_tests' from command line to 'False'
[0.178s] DEBUG:colcon.colcon_core.verb:Building package 'Autonomous_Systems_Project_Team_18' with the following arguments: {'ament_cmake_args': None, 'build_base': '/home/yassin-fakhry/ros2_ws/build/Autonomous_Systems_Project_Team_18', 'catkin_cmake_args': None, 'catkin_skip_building_tests': False, 'cmake_args': None, 'cmake_clean_cache': False, 'cmake_clean_first': False, 'cmake_force_configure': False, 'cmake_target': None, 'cmake_target_skip_unavailable': False, 'install_base': '/home/yassin-fakhry/ros2_ws/install/Autonomous_Systems_Project_Team_18', 'merge_install': False, 'path': '/home/yassin-fakhry/ros2_ws/Autonomous_Systems_Project_Team_18', 'symlink_install': False, 'test_result_base': None}
[0.178s] INFO:colcon.colcon_core.executor:Executing jobs using 'parallel' executor
[0.179s] DEBUG:colcon.colcon_parallel_executor.executor.parallel:run_until_complete
[0.179s] INFO:colcon.colcon_ros.task.ament_python.build:Building ROS package in '/home/yassin-fakhry/ros2_ws/Autonomous_Systems_Project_Team_18' with build type 'ament_python'
[0.180s] Level 1:colcon.colcon_core.shell:create_environment_hook('Autonomous_Systems_Project_Team_18', 'ament_prefix_path')
[0.195s] INFO:colcon.colcon_core.plugin_system:Skipping extension 'colcon_core.shell.bat': Not used on non-Windows systems
[0.195s] INFO:colcon.colcon_core.shell:Creating environment descriptor '/home/yassin-fakhry/ros2_ws/install/Autonomous_Systems_Project_Team_18/share/Autonomous_Systems_Project_Team_18/hook/ament_prefix_path.dsv'
[0.196s] INFO:colcon.colcon_core.shell:Creating environment hook '/home/yassin-fakhry/ros2_ws/install/Autonomous_Systems_Project_Team_18/share/Autonomous_Systems_Project_Team_18/hook/ament_prefix_path.sh'
[0.196s] DEBUG:colcon.colcon_core.shell:Skip shell extension 'dsv' for command environment
[0.410s] INFO:colcon.colcon_core.task.python.build:Building Python package in '/home/yassin-fakhry/ros2_ws/Autonomous_Systems_Project_Team_18'
[0.410s] DEBUG:colcon.colcon_core.shell:Skip shell extension 'dsv' for command environment
[1.048s] DEBUG:colcon.colcon_core.event_handler.log_command:Invoking command in '/home/yassin-fakhry/ros2_ws/Autonomous_Systems_Project_Team_18': DEBUGINFOD_URLS=https://debuginfod.ubuntu.com PYTHONPATH=/home/yassin-fakhry/ros2_ws/build/Autonomous_Systems_Project_Team_18/prefix_override:/usr/lib/python3/dist-packages/colcon_core/task/python/colcon_distutils_commands:/home/yassin-fakhry/ros2_ws/install/Autonomous_Systems_Project_Team_18/lib/python3.12/site-packages:${PYTHONPATH} /usr/bin/python3 -W ignore:setup.py install is deprecated -W ignore:easy_install command is deprecated setup.py egg_info --egg-base ../build/Autonomous_Systems_Project_Team_18 build --build-base /home/yassin-fakhry/ros2_ws/build/Autonomous_Systems_Project_Team_18/build install --record /home/yassin-fakhry/ros2_ws/build/Autonomous_Systems_Project_Team_18/install.log --single-version-externally-managed install_data
[1.569s] DEBUG:colcon.colcon_core.event_handler.log_command:Invoked command in '/home/yassin-fakhry/ros2_ws/Autonomous_Systems_Project_Team_18' returned '0': DEBUGINFOD_URLS=https://debuginfod.ubuntu.com PYTHONPATH=/home/yassin-fakhry/ros2_ws/build/Autonomous_Systems_Project_Team_18/prefix_override:/usr/lib/python3/dist-packages/colcon_core/task/python/colcon_distutils_commands:/home/yassin-fakhry/ros2_ws/install/Autonomous_Systems_Project_Team_18/lib/python3.12/site-packages:${PYTHONPATH} /usr/bin/python3 -W ignore:setup.py install is deprecated -W ignore:easy_install command is deprecated setup.py egg_info --egg-base ../build/Autonomous_Systems_Project_Team_18 build --build-base /home/yassin-fakhry/ros2_ws/build/Autonomous_Systems_Project_Team_18/build install --record /home/yassin-fakhry/ros2_ws/build/Autonomous_Systems_Project_Team_18/install.log --single-version-externally-managed install_data
[1.586s] Level 1:colcon.colcon_core.environment:checking '/home/yassin-fakhry/ros2_ws/install/Autonomous_Systems_Project_Team_18' for CMake module files
[1.586s] Level 1:colcon.colcon_core.environment:checking '/home/yassin-fakhry/ros2_ws/install/Autonomous_Systems_Project_Team_18' for CMake config files
[1.587s] Level 1:colcon.colcon_core.environment:checking '/home/yassin-fakhry/ros2_ws/install/Autonomous_Systems_Project_Team_18/lib'
[1.587s] Level 1:colcon.colcon_core.environment:checking '/home/yassin-fakhry/ros2_ws/install/Autonomous_Systems_Project_Team_18/bin'
[1.587s] Level 1:colcon.colcon_core.environment:checking '/home/yassin-fakhry/ros2_ws/install/Autonomous_Systems_Project_Team_18/lib/pkgconfig/Autonomous_Systems_Project_Team_18.pc'
[1.587s] Level 1:colcon.colcon_core.environment:checking '/home/yassin-fakhry/ros2_ws/install/Autonomous_Systems_Project_Team_18/lib/python3.12/site-packages'
[1.587s] Level 1:colcon.colcon_core.shell:create_environment_hook('Autonomous_Systems_Project_Team_18', 'pythonpath')
[1.587s] INFO:colcon.colcon_core.shell:Creating environment descriptor '/home/yassin-fakhry/ros2_ws/install/Autonomous_Systems_Project_Team_18/share/Autonomous_Systems_Project_Team_18/hook/pythonpath.dsv'
[1.588s] INFO:colcon.colcon_core.shell:Creating environment hook '/home/yassin-fakhry/ros2_ws/install/Autonomous_Systems_Project_Team_18/share/Autonomous_Systems_Project_Team_18/hook/pythonpath.sh'
[1.588s] Level 1:colcon.colcon_core.environment:checking '/home/yassin-fakhry/ros2_ws/install/Autonomous_Systems_Project_Team_18/bin'
[1.588s] Level 1:colcon.colcon_core.environment:create_environment_scripts_only(Autonomous_Systems_Project_Team_18)
[1.589s] INFO:colcon.colcon_core.shell:Creating package descriptor '/home/yassin-fakhry/ros2_ws/install/Autonomous_Systems_Project_Team_18/share/Autonomous_Systems_Project_Team_18/package.dsv'
[1.589s] INFO:colcon.colcon_core.shell:Creating package script '/home/yassin-fakhry/ros2_ws/install/Autonomous_Systems_Project_Team_18/share/Autonomous_Systems_Project_Team_18/package.sh'
[1.590s] INFO:colcon.colcon_core.shell:Creating package script '/home/yassin-fakhry/ros2_ws/install/Autonomous_Systems_Project_Team_18/share/Autonomous_Systems_Project_Team_18/package.bash'
[1.591s] INFO:colcon.colcon_core.shell:Creating package script '/home/yassin-fakhry/ros2_ws/install/Autonomous_Systems_Project_Team_18/share/Autonomous_Systems_Project_Team_18/package.zsh'
[1.592s] Level 1:colcon.colcon_core.environment:create_file_with_runtime_dependencies(/home/yassin-fakhry/ros2_ws/install/Autonomous_Systems_Project_Team_18/share/colcon-core/packages/Autonomous_Systems_Project_Team_18)
[1.592s] DEBUG:colcon.colcon_parallel_executor.executor.parallel:closing loop
[1.592s] DEBUG:colcon.colcon_parallel_executor.executor.parallel:loop closed
[1.592s] DEBUG:colcon.colcon_parallel_executor.executor.parallel:run_until_complete finished with '0'
[1.592s] DEBUG:colcon.colcon_core.event_reactor:joining thread
[1.598s] INFO:colcon.colcon_core.plugin_system:Skipping extension 'colcon_notification.desktop_notification.terminal_notifier': Not used on non-Darwin systems
[1.598s] INFO:colcon.colcon_core.plugin_system:Skipping extension 'colcon_notification.desktop_notification.win32': Not used on non-Windows systems
[1.598s] INFO:colcon.colcon_notification.desktop_notification:Sending desktop notification using 'notify2'
[1.613s] DEBUG:colcon.colcon_core.event_reactor:joined thread
[1.613s] INFO:colcon.colcon_core.shell:Creating prefix script '/home/yassin-fakhry/ros2_ws/install/local_setup.sh'
[1.614s] INFO:colcon.colcon_core.shell:Creating prefix util module '/home/yassin-fakhry/ros2_ws/install/_local_setup_util_sh.py'
[1.615s] INFO:colcon.colcon_core.shell:Creating prefix chain script '/home/yassin-fakhry/ros2_ws/install/setup.sh'
[1.616s] INFO:colcon.colcon_core.shell:Creating prefix script '/home/yassin-fakhry/ros2_ws/install/local_setup.bash'
[1.617s] INFO:colcon.colcon_core.shell:Creating prefix chain script '/home/yassin-fakhry/ros2_ws/install/setup.bash'
[1.618s] INFO:colcon.colcon_core.shell:Creating prefix script '/home/yassin-fakhry/ros2_ws/install/local_setup.zsh'
[1.619s] INFO:colcon.colcon_core.shell:Creating prefix chain script '/home/yassin-fakhry/ros2_ws/install/setup.zsh'
